// Vitest Snapshot v1, https://vitest.dev/guide/snapshot.html

exports[`matches snapshot 1`] = `
<div
  class="siren-sdk-empty-container"
  data-testid="empty-container"
>
  <div
    class="siren-sdk-empty-icon-container"
    style="background-color: #38383D;"
  >
    <img
      alt="empty_list"
      class="siren-sdk-empty-icon"
      src="/src/assets/dark/emptyIconDark.svg"
    />
  </div>
  <div
    class="siren-sdk-empty-text"
    style="color: #FFFFFF;"
  >
    No new notifications
  </div>
  <div
    class="siren-sdk-empty-sub-text"
    style="color: #FFFFFF;"
  >
    Check back later for updates and alerts.
  </div>
</div>
`;
