// Vitest Snapshot v1, https://vitest.dev/guide/snapshot.html

exports[`matches snapshot 1`] = `
<div
  class="siren-sdk-error-window-container"
  data-testid="error-window"
>
  <div
    class="siren-sdk-error-icon-container"
    style="background-color: #38383D;"
  >
    <img
      alt="error_icon"
      class="siren-sdk-error-icon"
      src="/src/assets/errorIcon.svg"
      style="opacity: 0.2;"
    />
  </div>
  <div
    class="siren-sdk-error-text"
    style="color: #FFFFFF;"
  >
    Oops! Something went wrong
  </div>
  <div
    class="siren-sdk-error-sub-text"
    style="color: #FFFFFF;"
  >
    Could not load the notifications. Please refresh the page.
  </div>
</div>
`;
