// Vitest Snapshot v1, https://vitest.dev/guide/snapshot.html

exports[`matches snapshot 1`] = `
<div
  aria-label="siren-load-more"
  class="siren-sdk-load-more-container"
  data-testid="load-more-container"
>
  <div
    class="siren-sdk-load-more-text"
    data-testid="on-load-more"
    style="color: #FA9874; background-color: #232326; font-size: 14px; font-weight: 600;"
  >
    
    Load more
    
  </div>
</div>
`;
