// Vitest Snapshot v1, https://vitest.dev/guide/snapshot.html

exports[`matches snapshot 1`] = `
<div
  aria-label="siren-notification-card-1"
  class="siren-sdk-card-container siren-sdk-card-common-container"
  data-testid="notification-card-container"
  style="background-color: #2E2D30; padding: 12px; border-bottom-width: 0.5px; border-bottom-style: solid; border-color: #344054 #344054 #344054 #FA9874; border-left-width: 4px; border-left-style: solid;"
>
  <div
    aria-label="siren-notification-avatar-1"
    data-testid="avatar-container"
    style="width: 40px; height: 40px; border-radius: 20px; background-color: #344054; background-image: url("/src/assets/light/defaultAvatarLight.png"); background-size: cover; background-position: center center;"
  />
  <div
    class="siren-sdk-card-content-wrapper"
  >
    <div
      class="siren-sdk-card-title"
      style="color: #FFFFFF; font-size: 14px; font-weight: 600;"
    >
      New Message
    </div>
    <div
      class="siren-sdk-card-subtitle"
      style="color: #FFFFFF; font-size: 14px; font-weight: 500;"
    >
      New post
    </div>
    <div
      class="siren-sdk-card-text-break siren-sdk-card-msg-body"
      style="color: #FFFFFF; font-size: 14px; font-weight: 400;"
    >
      You have a new message.
    </div>
    <div
      class="siren-sdk-card-date-container"
    >
      <svg
        fill="none"
        height="14"
        viewBox="0 0 14 13"
        width="14"
        xmlns="http://www.w3.org/2000/svg"
      >
        <path
          d="M6.99742 0.0807266C3.45925 0.0807266 0.58075 2.95923 0.58075 6.49739C0.58075 10.0356 3.45925 12.9141 6.99742 12.9141C10.5356 12.9141 13.4141 10.0356 13.4141 6.49739C13.4141 2.95923 10.5356 0.0807266 6.99742 0.0807266ZM6.99742 11.7474C4.10268 11.7474 1.74742 9.39213 1.74742 6.49739C1.74742 3.60266 4.10268 1.24739 6.99742 1.24739C9.89215 1.24739 12.2474 3.60266 12.2474 6.49739C12.2474 9.39213 9.89215 11.7474 6.99742 11.7474Z"
          fill="#98A2B3"
        />
        <path
          d="M10.1553 7.90104C10.0588 8.11837 9.84542 8.2474 9.62211 8.24768C9.54293 8.24768 9.46261 8.23145 9.38541 8.19698L6.76041 7.03031C6.54993 6.93689 6.41406 6.72782 6.41406 6.4974V2.9974C6.41406 2.67525 6.67525 2.41406 6.9974 2.41406C7.31954 2.41406 7.58073 2.67525 7.58073 2.9974V6.11829L9.85937 7.13114C10.1536 7.26188 10.2863 7.60653 10.1553 7.90104Z"
          fill="#98A2B3"
        />
      </svg>
      <div
        class="siren-sdk-card-date-style"
        style="color: #98A2B3; font-size: 12px;"
      >
        2 months ago
      </div>
    </div>
  </div>
  <div
    aria-label="siren-notification-delete-1"
    class="siren-sdk-delete-button"
    data-testid="delete-notification-button"
  >
    <svg
      fill="none"
      height="20"
      viewBox="0 0 20 20"
      width="20"
      xmlns="http://www.w3.org/2000/svg"
    >
      <path
        d="M5 15L15 5M5 5L15 15"
        stroke="#D0D5DD"
        stroke-linecap="round"
        stroke-linejoin="round"
        stroke-width="2"
      />
    </svg>
  </div>
</div>
`;
