// Vitest Snapshot v1, https://vitest.dev/guide/snapshot.html

exports[`matches snapshot 1`] = `
<div
  class="siren-sdk-panel-modal"
  data-testid="siren-panel-container"
  style="border-radius: 10px; max-width: 100; box-shadow: #232326 0px 8px 24px;"
>
  
  <div
    class="siren-sdk-header-container"
    data-testid="header-container"
    style="border-top-left-radius: 10px; border-top-right-radius: 10px; background-color: #232326; border-bottom-width: 0.5px; border-bottom-style: solid; border-bottom-color: #344054; height: 64px;"
  >
    <p
      class="siren-sdk-text-break"
      style="color: #FFFFFF; font-size: 20px; font-weight: 600; padding-left: 0px;"
    >
      Notifications
    </p>
    <div
      class="siren-sdk-header-right-container"
      data-testid="clear-all"
      style="opacity: 0.4; cursor: not-allowed;"
    >
      <svg
        fill="none"
        height="24"
        viewBox="0 0 24 24"
        width="24"
        xmlns="http://www.w3.org/2000/svg"
      >
        <path
          d="M5 12C5 12.5523 5.44772 13 6 13H18C18.5523 13 19 12.5523 19 12C19 11.4477 18.5523 11 18 11H6C5.44772 11 5 11.4477 5 12ZM3 16C3 16.5523 3.44772 17 4 17H16C16.5523 17 17 16.5523 17 16C17 15.4477 16.5523 15 16 15H4C3.44772 15 3 15.4477 3 16ZM8 7C7.44772 7 7 7.44772 7 8C7 8.55228 7.44772 9 8 9H20C20.5523 9 21 8.55228 21 8C21 7.44772 20.5523 7 20 7H8Z"
          fill="#D0D5DD"
        />
      </svg>
      <p
        class="siren-sdk-header-clear-all-text"
        style="color: #FFFFFF;"
      >
        Clear All
      </p>
    </div>
  </div>
  
  <div
    style="background-color: #232326; padding: 0px; border-radius: 0px 0px 10px 10px;"
  >
    <div
      class="siren-sdk-content-container"
      style="border-bottom-left-radius: 10px; border-bottom-right-radius: 10px; height: 700px; overflow: hidden;"
    >
      
      <div
        class="siren-sdk-loader-container"
        data-testid="loader-container"
      >
        
        <div
          class="siren-sdk-card-loader-container"
        >
          <div
            class="siren-sdk-card-loader-avatar"
            style="border-color: #FA9874;"
          />
          <div
            class="siren-sdk-card-loader-details siren-sdk-card-show-avatar"
          >
            <div
              class="siren-sdk-card-loader-header"
              style="border-color: #FA9874;"
            />
            <div
              class="siren-sdk-card-loader-header"
              style="border-color: #FA9874;"
            />
            <div
              class="siren-sdk-card-loader-body"
              style="border-color: #FA9874;"
            />
            <div
              class="siren-sdk-card-loader-time-container"
            >
              <div
                class="siren-sdk-card-loader-time-icon"
                style="border-color: #FA9874;"
              />
              <div
                class="siren-sdk-card-loader-time"
                style="border-color: #FA9874;"
              />
            </div>
          </div>
          <div
            class="siren-sdk-card-loader-delete-icon"
            style="border-color: #FA9874;"
          />
        </div>
        <div
          class="siren-sdk-card-loader-container"
        >
          <div
            class="siren-sdk-card-loader-avatar"
            style="border-color: #FA9874;"
          />
          <div
            class="siren-sdk-card-loader-details siren-sdk-card-show-avatar"
          >
            <div
              class="siren-sdk-card-loader-header"
              style="border-color: #FA9874;"
            />
            <div
              class="siren-sdk-card-loader-header"
              style="border-color: #FA9874;"
            />
            <div
              class="siren-sdk-card-loader-body"
              style="border-color: #FA9874;"
            />
            <div
              class="siren-sdk-card-loader-time-container"
            >
              <div
                class="siren-sdk-card-loader-time-icon"
                style="border-color: #FA9874;"
              />
              <div
                class="siren-sdk-card-loader-time"
                style="border-color: #FA9874;"
              />
            </div>
          </div>
          <div
            class="siren-sdk-card-loader-delete-icon"
            style="border-color: #FA9874;"
          />
        </div>
        <div
          class="siren-sdk-card-loader-container"
        >
          <div
            class="siren-sdk-card-loader-avatar"
            style="border-color: #FA9874;"
          />
          <div
            class="siren-sdk-card-loader-details siren-sdk-card-show-avatar"
          >
            <div
              class="siren-sdk-card-loader-header"
              style="border-color: #FA9874;"
            />
            <div
              class="siren-sdk-card-loader-header"
              style="border-color: #FA9874;"
            />
            <div
              class="siren-sdk-card-loader-body"
              style="border-color: #FA9874;"
            />
            <div
              class="siren-sdk-card-loader-time-container"
            >
              <div
                class="siren-sdk-card-loader-time-icon"
                style="border-color: #FA9874;"
              />
              <div
                class="siren-sdk-card-loader-time"
                style="border-color: #FA9874;"
              />
            </div>
          </div>
          <div
            class="siren-sdk-card-loader-delete-icon"
            style="border-color: #FA9874;"
          />
        </div>
        <div
          class="siren-sdk-card-loader-container"
        >
          <div
            class="siren-sdk-card-loader-avatar"
            style="border-color: #FA9874;"
          />
          <div
            class="siren-sdk-card-loader-details siren-sdk-card-show-avatar"
          >
            <div
              class="siren-sdk-card-loader-header"
              style="border-color: #FA9874;"
            />
            <div
              class="siren-sdk-card-loader-header"
              style="border-color: #FA9874;"
            />
            <div
              class="siren-sdk-card-loader-body"
              style="border-color: #FA9874;"
            />
            <div
              class="siren-sdk-card-loader-time-container"
            >
              <div
                class="siren-sdk-card-loader-time-icon"
                style="border-color: #FA9874;"
              />
              <div
                class="siren-sdk-card-loader-time"
                style="border-color: #FA9874;"
              />
            </div>
          </div>
          <div
            class="siren-sdk-card-loader-delete-icon"
            style="border-color: #FA9874;"
          />
        </div>
        <div
          class="siren-sdk-card-loader-container"
        >
          <div
            class="siren-sdk-card-loader-avatar"
            style="border-color: #FA9874;"
          />
          <div
            class="siren-sdk-card-loader-details siren-sdk-card-show-avatar"
          >
            <div
              class="siren-sdk-card-loader-header"
              style="border-color: #FA9874;"
            />
            <div
              class="siren-sdk-card-loader-header"
              style="border-color: #FA9874;"
            />
            <div
              class="siren-sdk-card-loader-body"
              style="border-color: #FA9874;"
            />
            <div
              class="siren-sdk-card-loader-time-container"
            >
              <div
                class="siren-sdk-card-loader-time-icon"
                style="border-color: #FA9874;"
              />
              <div
                class="siren-sdk-card-loader-time"
                style="border-color: #FA9874;"
              />
            </div>
          </div>
          <div
            class="siren-sdk-card-loader-delete-icon"
            style="border-color: #FA9874;"
          />
        </div>
        
      </div>
      
      <!--v-if-->
      <!--v-if-->
      <!--v-if-->
    </div>
    <!--v-if-->
  </div>
</div>
`;
